🚀 Iniciando prueba con Playwright...

📡 Navegando a https://localhost:9001/ (production build)...

❌ Console Error: Failed to load resource: the server responded with a status of 404 ()
✅ Página cargada

📸 Screenshot guardado: test-app-screenshot.png

📝 Longitud del contenido del body: 198 caracteres
✅ Página tiene contenido

🔍 Elementos encontrados:
  ✅ Header/Title: 1
  ✅ Buttons: 2
  ✅ Forms: 3
  ✅ Root div: 1

📊 RESUMEN:
  Errores de consola: 1
  Errores de página: 0
  Warnings: 1

⚠️  PROBLEMAS DETECTADOS:

  ❌ 1 errores de consola

⏳ Dejando navegador abierto 10 segundos para inspección manual...

